main.c:73:6:TIM2_IRQHandler	8	static
main.c:112:6:TIM6_IRQHandler	8	static
main.c:130:6:USART1_IRQHandler	16	static
main.c:150:5:main	8	static
main.c:176:13:mode_1_deinit	8	static
main.c:181:13:mode_2_deinit	8	static
main.c:186:13:button_init	16	static
main.c:197:13:usart_init	40	static
main.c:232:13:mode_1_led_init	16	static
main.c:245:13:mode_timer_init1	24	static
main.c:269:13:mode_timer_init2	24	static
main.c:292:13:mode_pwm_init	56	static
main.c:334:13:mode_1_init	8	static
main.c:341:13:mode_2_led_init	16	static
main.c:355:13:mode_2_init	8	static
main.c:362:13:mode_1_process	4	static
main.c:367:13:mode_2_process	4	static
main.c:373:13:analizator_timer_init	24	static
main.c:397:6:analizator_adc_init	56	static
main.c:430:6:analizator_init	8	static
main.c:435:5:readADC1	16	static
main.c:445:6:check_cmd	16	static
main.c:463:6:Usart_Log	24	static
